Wo, Wo, Wo, Wo, Wo, Wo, Wo, Wo, Wo, Wo, Wo, Wo, Wo, Wo, Wo, Wo, Wo, Wo, Wo, Wo, Wo, Wo, Wo, Wo, Wo, Wo, Wo, Wo, Xoi, Xoi, Xoi, Xoi, Xoi, Xoi, Xoi, Xoi, Xoi, Xoi, Xoi, Xoi, Xoi, Xoi, Xoi, Xoi, Xoi, Xoi, Xoi, Xoi, Xoi, Xoi, Xoi, Xoi, Xoi, Xoi, Xoi, Xoi, Xoi, Xoi, Xoi, Xoi, Xoi, Xoi, Xoi, Xoi, Xoi, Xoi, Xoi, Xoi, Xoi, Xoi, Xoi, Xoi, Xoi, Xoi, Xoi, Xoi, Xoi, Xoi, Xoi, Xoi, Xoi, Wo, Wo, Wo, Wo, Wo, Wo, Wo, Wo, Wo, Wo, Wo, Wo, Wo, Wo, Wo, Wo, Wo, Wo, Wo, Wo, Wo, Wo, Wo, Wo, Wo, Wo, Wo
Wo, Wo, Wo, Wo, Wo, Wo, Wo, Wo, Wo, Wo, Wo, Wo, Wo, Wo, Wo, Wo, Wo, Wo, Wo, Wo, Wo, Wo, Wo, Wo, Wo, Wo, Xoi, Xoi, Xoi, Xoi, Xoi, Xoi, Xoi, Xoi, Xoi, Xoi, Xoi, Xoi, Xoi, Xoi, Xoi, Xoi, Xoi, Xoi, Xoi, Xoi, Xoi, Xoi, Xoi, Xoi, Xue, Xoi, Xue, Xoi, Xue, Xue, Xoi, Xoi, Xoi, Xoi, Xoi, Xoi, Xoi, Xoi, Xoi, Xoi, Xoi, Xoi, Xoi, Xoi, Xoi, Xoi, Xoi, Xoi, Xoi, Xoi, Xoi, Xoi, Xoi, Xoi, Xoi, Xoi, Xoi, Wo, Wo, Wo, Wo, Wo, Wo, Wo, Wo, Wo, Wo, Wo, Wo, Wo, Wo, Wo, Wo, Wo, Wo, Wo, Wo, Wo, Wo, Wo, Wo, Wo
Wo, Wo, Wo, Wo, Wo, Wo, Wo, Wo, Wo, Wo, Wo, Wo, Wo, Wo, Wo, Wo, Wo, Wo, Wo, Wo, Wo, Wo, Wo, Wo, Xoi, Xoi, Xoi, Xoi, Xoi, Xoi, Xoi, Xoi, Hsf, Xoi, Xoi, Xoi, Xoi, Xoi, Xoi, Xoi, Xoi, Xoi, Xoi, Xoi, Xoi, Xoi, Xoi, Xoi, Xue, Xoi, Xue, Xue, Xue, Xue, Wwg^Ii, Xue, Xue, Xue, Xue, Xue, Xue, Xoi, Xoi, Xoi, Xoi, Xoi, Xoi, Xoi, Xoi, Xoi, Xoi, Xoi, Xoi, Xoi, Xoi, Xoi, Xoi, Xoi, Xoi, Xoi, Xoi, Xoi, Xoi, Xoi, Xoi, Wo, Wo, Wo, Wo, Wo, Wo, Wo, Wo, Wo, Wo, Wo, Wo, Wo, Wo, Wo, Wo, Wo, Wo, Wo, Wo, Wo, Wo, Wo
Wo, Wo, Wo, Wo, Wo, Wo, Wo, Wo, Wo, Wo, Wo, Wo, Wo, Wo, Wo, Wo, Wo, Wo, Wo, Wo, Wo, Wo, Xoi, Xoi, Xoi, Xoi, Xoi, Xoi, Xoi, Xoi, Xoi, Xoi, Hsf, Xoi, Xoi, Xoi, Aa^Vcl, Xoi, Xoi, Xoi, Xoi, Xoi, Xoi, Xoi, Xoi, Xoi, Xoi, Xoi, Xue, Xue, Wwg, Wwg^Vcl, Uue, Wwg, Wwf^Ii, Wwg, Uue, Wwg, Wwg^Vcl, Xue, Xue, Xoi, Xoi, Xoi, Xoi, Xoi, Xoi, Xoi, Xoi, Xoi, Xoi, Xoi, Xoi, Xoi, Xoi, Xoi, Wwg, Wwg, Xoi, Xoi, Xoi, Xoi, Xoi, Xoi, Xoi, Xoi, Xoi, Wo, Wo, Wo, Wo, Wo, Wo, Wo, Wo, Wo, Wo, Wo, Wo, Wo, Wo, Wo, Wo, Wo, Wo, Wo, Wo, Wo
Wo, Wo, Wo, Wo, Wo, Wo, Wo, Wo, Wo, Wo, Wo, Wo, Wo, Wo, Wo, Wo, Wo, Wo, Wo, Wo, Xoi, Xoi, Xoi, Xoi, Xoi, Xoi, Xoi, Xoi, Xoi, Xoi, Xoi, Xoi, Xoi, Rr^Pr/, Hsf, Hsf, Hsf, Aa, Hsf, Xoi, Xoi, Xoi, Xoi, Xoi, Xoi, Xoi, Xoi, Xoi, Xue, Xue, Wwg, Uue, Wwf, Uue^Ii, Wwf, Uue^Ii, Wwf, Uue, Wwg, Xue, Xue, Xue, Xoi, Xoi, Xoi, Xoi, Xoi, Xoi, Xoi, Xoi, Hsf, Hsf^Vcl, Wwg, Hsf, Wwg, Wwg^Pr\, Xoi, Xoi, Xoi, Xoi, Xoi, Xoi, Xoi, Xoi, Xoi, Xoi, Xoi, Xoi, Xoi, Wo, Wo, Wo, Wo, Wo, Wo, Wo, Wo, Wo, Wo, Wo, Wo, Wo, Wo, Wo, Wo, Wo, Wo, Wo
Wo, Wo, Wo, Wo, Wo, Wo, Wo, Wo, Wo, Wo, Wo, Wo, Wo, Wo, Wo, Wo, Wo, Wo, Xoi, Xoi, Xoi, Xoi, Ha, Xoi, Xoi, Xoi, Xoi, Hsf, Hsf, Xoi, Xoi, Xoi, Aa, Hsf, Aa, Aa, Aa, Hsf, Aa, Hsf, Xoi, Xoi, Xoi, Xoi, Xoi, Xoi, Xoi, Xue, Xue, Wwg, Uue, Wwf, Uue, Wwf, Wwf^Kov, Wwf, Uue, Wwf, Uue, Wwg, Xue, Xoi, Xoi, Xoi, Xoi, Xoi, Xoi, Xoi, Xoi, Hsf, Wwg, Wwg, Wwg, Hsf, Wwg, Wwg, Hsf, Xoi, Xoi, Xoi, Hsf, Hsf, Xoi, Xoi, Xoi, Xoi, Hsf^Vcl, Xoi, Xoi, Xoi, Xoi, Wo, Wo, Wo, Wo, Wo, Wo, Wo, Wo, Wo, Wo, Wo, Wo, Wo, Wo, Wo, Wo, Wo
Wo, Wo, Wo, Wo, Wo, Wo, Wo, Wo, Wo, Wo, Wo, Wo, Wo, Wo, Wo, Wo, Xoi, Xoi, Xoi, Xoi, Ha, Ha, Aa, Ha, Aa, Xoi, Xoi, Xoi, Xoi, Rr^Pr/, Aa, Hsf, Aa, Aa, Aa, Hsf, Hsf, Hsf, Hsf, Aa, Hsf, Hsf, Hsf, Xoi, Xoi, Xoi, Xoi, Xue, Xue, Uue^Vcl, Uue, Uue, Uue, Uue, Wwf^Cov, Uue, Uue, Uue, Uue, Uue, Uue^Vcl, Xue, Xoi, Xoi, Xoi, Xoi, Hsf, Hsf, Hsf, Wwf, Wwf, Hsf, Wwg, Hsf, Wwg, Cdr, Wwg, Wwg, Wwg, Rr^Pr\, Xoi, Xoi, Xoi, Xoi, Hsf, Hsf, Hsf, Hsf, Cud^Ii, Xoi, Xoi, Xoi, Xoi, Wo, Wo, Wo, Wo, Wo, Wo, Wo, Wo, Wo, Wo, Wo, Wo, Wo, Wo, Wo
Wo, Wo, Wo, Wo, Wo, Wo, Wo, Wo, Wo, Wo, Wo, Wo, Wo, Wo, Xoi, Xoi, Xoi, Xoi, Aa, Aa, Kha, Cha, Aa, Aa^Vea, Ha, Ha, Xoi, Xoi, Aa, Hsf, Aa, Hsf, Aa, Hsf, Aa, Aa, Xoi, Xoi, Hsf, Aa, Aa, Xoi, Hsf, Aa^Vcl, Xoi, Xoi, Xoi, Xue, Xue, Wwg, Wwg, Wwf, Wwf^Cov, Wwf, Ur^Cov, Wwf, Wwf^Cov, Wwf, Wwg, Wwg, Xue, Xue, Xoi, Xoi, Xoi, Hsf, Hsf, Xoi, Hsf, Hsf, Hsf, Xoi, Xoi, Wwg, Wwg, Cdr, Cdr, Cdr, Kdr, Hsf, Wwg, Xoi, Xoi, Hsf^Vcl, Hsf, Cud^Ii, Hsf, Hsf, Hsf, Hsf, Kud^Ii, Xoi, Xoi, Xoi, Xoi, Wo, Wo, Wo, Wo, Wo, Wo, Wo, Wo, Wo, Wo, Wo, Wo, Wo
Wo, Wo, Wo, Wo, Wo, Wo, Wo, Wo, Wo, Wo, Wo, Wo, Xoi, Xoi, Xoi, Xoi, Aa, Ha, Aa, Cha, Cha, Cha, Aa, Ha, Xoi, Xoi, Aa, Aa, Hsf, Hsf^Vcl, Aa, Hsf, Hsf, Aa, Xoi, Xoi, Hsf, Aa, Aa, Xoi, Hsf, Aa, Xoi, Xoi, Xoi, Xoi, Xoi, Xoi, Xue, Xue, Wwg, Uue^Cov, Uue, Uue^Cov, Ur, Uue^Cov, Uue, Uue^Cov, Wwg, Xue, Xoi, Xoi, Xoi, Xoi, Xoi, Xoi, Xoi, Hsf, Hsf, Xoi, Hsf, Hsf, Hsf, Xoi, Xoi, Hsf, Hsf, Cdr, Wwg, Cdr, Wwg, Hsf, Hsf^Vcl, Xoi, Xoi, Hsf, Hsf, Hsf, Hsf, Hsf, Hsf, Hsf, Cud^Ii, Xoi, Xoi, Xoi, Xoi, Wo, Wo, Wo, Wo, Wo, Wo, Wo, Wo, Wo, Wo, Wo
Wo, Wo, Wo, Wo, Wo, Wo, Wo, Wo, Wo, Wo, Xoi, Xoi, Xoi, Xoi, Ha, Ha, Aa, Aa^Vea, Aa, Aa, Ha, Aa, Aa, Ha, Ha, Xoi, Xoi, Aa, Hsf, Hsf, Aa, Hsf, Xoi, Xoi, Hsf, Hsf, Hsf, Xoi, Hsf, Aa, Xoi, Xoi, Xoi, Xoi, Xoi, Xoi, Xoi, Xoi, Xoi, Xue, Xue, Uue, Uue, Uue, Ur, Uue, Uue, Uue, Xue, Xue, Xoi, Xoi, Xoi, Xoi, Xoi, Xoi, Xoi, Xoi, Xoi, Hsf, Hsf, Xoi, Hsf, Hsf, Hsf, Xoi, Xoi, Wwg, Hsf^Vcl, Wwg, Wwg, Wwg, Xoi, Xoi, Hsf, Hsf^Pr\o, Xoi, Hsf, Hsf, Hsf, Hsf, Hsf, Hsf, Hsf, Hsf^Vcl, Xoi, Xoi, Xoi, Xoi, Wo, Wo, Wo, Wo, Wo, Wo, Wo, Wo, Wo
Wo, Wo, Wo, Wo, Wo, Wo, Wo, Wo, Xoi, Xoi, Xoi, Xoi, Xoi, Xoi, Xoi, Ha, Ha, Aa, Ha, Ha, Xoi, Ha, Ha, Xoi, Aa, Hsf, Ha, Xoi, Xoi, Aa, Xoi, Xoi, Aa, Hsf, Hsf, Xoi, Aa, Aa, Xoi, Xoi, Qxua, Xoi, Xoi, Xoi, Xoi, Xoi, Xoi, Xoi, Xoi, Xoi, Xue, Uue^Vcl, Uue, Uue, Ur, Uue, Uue^Vcl, Xue, Xue, Xoi, Xoi, Xoi, Xoi, Xoi, Xoi, Xoi, Xoi, Xoi, Xoi, Xoi, Xoi, Hsf, Hsf, Xoi, Hsf, Hsf, Hsf, Xoi, Xoi, Xoi, Xoi, Xoi, Hsf, Hsf, Hsf, Xoi, Hsf, Hsf^Pr\o, Xoi, Hsf, Hsf, Cud^Ii, Hsf, Hsf, Xoi, Xoi, Xoi, Xoi, Xoi, Xoi, Xoi, Wo, Wo, Wo, Wo, Wo, Wo, Wo
Wo, Wo, Wo, Wo, Wo, Wo, Xoi, Xoi, Xoi, Xoi, Xoi, Xoi, Xoi, Xoi, Xoi, Xoi, Xoi, Ha, Xoi, Xoi, Xoi, Xoi, Xoi, Hsf, Aa, Xoi, Aa, Aa, Ha, Xoi, Ha, Hsf, Hsf, Xoi, Hsf, Aa, Xoi, Xoi, Xoi, Qxua, Wwt^Vcl, Qxua, Xoi, Xoi, Xoi, Xoi, Xoi, Xoi, Xoi, Xoi, Xoi, Xue, Uue, Ur, Uue, Ur, Xue, Xue, Xoi, Xoi, Xoi, Xoi, Xoi, Xoi, Xoi, Xoi, Xoi, Xoi, Qxua, Qxua, Qxua, Xoi, Xoi, Hsf, Hsf, Xoi, Hsf, Hsf, Hsf, Xoi, Hsf, Hsf, Hsf, Xoi, Hsf, Hsf, Xoi, Xoi, Xoi, Xoi, Xoi, Hsf^Vcl, Xoi, Xoi, Xoi, Xoi, Xoi, Xoi, Xoi, Xoi, Xoi, Xoi, Xoi, Wo, Wo, Wo, Wo, Wo
Wo, Wo, Wo, Wo, Xoi, Xoi, Xoi, Xoi, Xoi, Xoi, Xoi, Xoi, Xoi, Xoi, Xoi, Xoi, Xoi, Xoi, Xoi, Xoi, Xoi, Xoi, Xoi, Xoi, Xoi, Ha, Ha, Xoi, Aa, Ha, Hsf, Xoi, Aa, Hsf, Xoi, Xoi, Xoi, Xoi, Hsf, Qxua, Qxua, Qxua, Xoi, Xoi, Xoi, Xoi, Xoi, Xoi, Xoi, Xoi, Xoi, Xoi, Xoi, Ur, Uue, Ur, Xoi, Xoi, Xoi, Xoi, Xoi, Xoi, Xoi, Xoi, Xoi, Xoi, Xoi, Xoi, Qxua, Wwt^Vcl, Qxua, Xoi, Xoi, Xoi, Xoi, Hsf, Hsf, Xoi, Hsf, Hsf, Hsf, Xoi, Hsf, Hsf, Xoi, Xoi, Xoi, Xoi, Xoi, Xoi, Xoi, Xoi, Xoi, Xoi, Xoi, Xoi, Xoi, Xoi, Xoi, Xoi, Xoi, Xoi, Xoi, Xoi, Xoi, Wo, Wo, Wo
Wo, Wo, Wo, Wo, Xoi, Xoi, Xoi, Xoi, Xoi, Xoi, Xoi, Xoi, Xoi, Xoi, Xoi, Xoi, Xoi, Xoi, Xoi, Xoi, Xoi, Xoi, Xoi, Xoi, Xoi, Xoi, Ha, Aa, Hsf, Xoi, Hsf, Aa, Xoi, Xoi, Xoi, Xoi, Hsf, Hsf, Xoi, Xoi, Xoi, Xoi, Xoi, Xoi, Qxua, Qxua, Qxua, Qxua, Qxua, Qxua, Qxua, Qxua, Qxua, Qxu^Bs|, Qxua, Qxu^Bs|, Qxua, Qxua, Qxua, Qxua, Qxua, Qxua, Qxua, Qxua, Qxua, Xoi, Xoi, Xoi, Xoi, Qxua, Xoi, Hsf, Hsf, Xoi, Xoi, Xoi, Xoi, Hsf, Hsf, Xoi, Hsf, Hsf, Hsf, Xoi, Xoi, Xoi, Xoi, Xoi, Xoi, Xoi, Xoi, Xoi, Xoi, Xoi, Xoi, Xoi, Xoi, Xoi, Xoi, Xoi, Xoi, Xoi, Xoi, Xoi, Xoi, Wo, Wo, Wo
Wo, Wo, Wo, Wo, Xoi, Xoi, Xoi, Xoi, Xoi, Xoi, Xoi, Xoi, Xoi, Xoi, Xoi, Xoi, Xoi, Xoi, Xoi, Xoi, Xoi, Xoi, Xoi, Xoi, Aa, Aa^Vcl, Hsf, Aa, Hsf, Hsf, Xoi, Xoi, Xoi, Xoi, Hsf, Hsf, Xoi, Xoi, Xoi, Xoi, Xoi, Xoi, Qxua, Qxua, Aa, Qxua, Aa, Qxua, Aa, Aa, Qxua, Aa, Qxua, Aa, Aa, Aa, Qxua, Aa, Qxua, Aa, Qxua, Qxua, Qxua, Aa, Aa, Qxua, Qxua, Xoi, Xoi, Xoi, Xoi, Xoi, Xoi, Hsf, Hsf, Xoi, Xoi, Xoi, Xoi, Hsf, Hsf, Hsf^Vcl, Hsf, Hsf, Hsf, Xoi, Xoi, Xoi, Xoi, Xoi, Hsf, Xoi, Xoi, Xoi, Xoi, Xoi, Xoi, Xoi, Xoi, Xoi, Xoi, Xoi, Xoi, Xoi, Xoi, Wo, Wo, Wo
Wo, Wo, Wo, Wo, Xoi, Xoi, Xoi, Xoi, Xoi, Xoi, Xoi, Xoi, Xoi, Xoi, Xoi, Xoi, Xoi, Hsf, Hsf, Xoi, Xoi, Xoi, Ha, Ha, Xoi, Aa, Aa, Hsf, Xoi, Aa, Aa, Xoi, Hsf, Hsf, Xoi, Xoi, Xoi, Xoi, Xoi, Xoi, Qxua, Qxua, Aa, Aa, Qxua, Aa, Qxua, Qxua, Qxua, Aa, Qxua, Aa, Qxua, Aa, Aa, Aa, Qxua, Aa, Qxua, Aa, Aa, Aa, Qxua, Qxua, Qxua, Aa, Ai, Qxua, Qxua, Xoi, Xoi, Xoi, Xoi, Xoi, Xoi, Hsf, Hsf, Xoi, Hsf, Hsf, Xoi, Hsf, Hsf, Hsf, Xoi, Hsf, Hsf, Xoi, Hsf^Pr\, Hsf, Xoi, Hsf, Hsf, Xoi, Xoi, Xoi, Xoi, Xoi, Xoi, Xoi, Xoi, Xoi, Xoi, Xoi, Xoi, Wo, Wo, Wo
Wo, Wo, Wo, Wo, Xoi, Xoi, Xoi, Xoi, Xoi, Xoi, Xoi, Xoi, Xoi, Xoi, Xoi, Xoi, Xoi, Xoi, Xoi, Rr^Pr/, Aa, Ms^Xm, Ms^Xm, Ha, Ha, Aa, Xoi, Hsf, Hsf, Aa, Xoi, Hsf, Aa, Xoi, Xoi, Xoi, Xoi, Xoi, Qxua, Qxua, Aa, Qxua, Aa, Aa, Aa, Aa, Aa, Aa, Qxua, Qxua, Qxua, Aa, Qxua, Aa, Aa, Aa, Qxua, Qxua, Qxua, Aa, Qxua, Qxua, Aa, Aa, Aa, Aa, Qxua, Qxua, Aa, Qxua, Qxua, Xoi, Xoi, Xoi, Xoi, Xoi, Hsf, Hsf, Xoi, Hsf, Hsf, Hsf, Xoi, Hsf, Hsf, Hsf, Hsf, Hsf, Hsf, Xoi, Xoi, Xoi, Xoi, Xoi, Xoi, Xoi, Xoi, Xoi, Xoi, Xoi, Xoi, Xoi, Xoi, Xoi, Xoi, Wo, Wo, Wo
Wo, Wo, Wo, Wo, Xoi, Xoi, Xoi, Xoi, Xoi, Xoi, Xoi, Xoi, Xoi, Xoi, Xoi, Xoi, Xoi, Xoi, Aa, Aa, Xoi, Aa, Ms^Xm, Ms^Xm, Xoi, Xoi, Hsf, Hsf, Xoi, Aa, Hsf, Aa, Xoi, Hsf, Aa, Xoi, Qxua, Qxua, Qxua, Qxua, Qxua, Aa, Qxua, Qxua, Qxua, Qxua, Qxua, Aa, Qxua, Aa, Qxua, Qxua, Qxua, Aa, Aa, Aa, Qxua, Aa, Qxua, Aa, Qxua, Aa, Qxua, Qxua, Qxua, Ai, Qxua, Qxua, Qxua, Aa, Qxua, Qxua, Qxua, Xoi, Hsf^Vcl, Hsf, Xoi, Hsf, Hsf, Hsf, Xoi, Hsf, Hsf, Xoi, Xoi, Hsf, Hsf, Hsf, Xoi, Hsf, Hsf^Vcl, Xoi, Xoi, Xoi, Xoi, Xoi, Xoi, Xoi, Xoi, Xoi, Xoi, Xoi, Xoi, Xoi, Xoi, Wo, Wo, Wo
Wo, Wo, Wo, Wo, Xoi, Xoi, Xoi, Xoi, Xoi, Xoi, Xoi, Xoi, Xoi, Xoi, Xoi, Xoi, Xoi, Xoi, Hsf, Hsf, Aa, Aa, Xoi, Xoi, Hsf, Ms^Xm, Xoi, Xoi, Xoi, Xoi, Hsf, Aa, Aa, Aa, Qxua, Qxua, Ai, Ai, Aa, Qxua, Aa, Qxua, Aa, Qxua, Aa, Qxua, Aa, Qxua, Aa, Qxua, Aa, Qxua, Aa, Aa, Aa, Aa, Aa, Qxua, Aa^Vcl, Qxua, Aa, Qxua, Ai, Qxua, Aa, Qxua, Aa, Qxua, Aa, Qxua, Aa, Aa, Ai, Qxua, Qxua, Hsf, Hsf, Hsf, Xoi, Hsf, Hsf, Xoi, Xoi, Hsf, Hsf, Xoi, Xoi, Hsf, Hsf, Hsf, Hsf, Xoi, Xoi, Xoi, Xoi, Xoi, Xoi, Xoi, Xoi, Xoi, Xoi, Xoi, Xoi, Xoi, Xoi, Wo, Wo, Wo
Wo, Wo, Wo, Wo, Xoi, Xoi, Xoi, Xoi, Xoi, Xoi, Xoi, Xoi, Xoi, Xoi, Xoi, Xoi, Xoi, Xoi, Aa, Hsf, Aa, Xoi, Hsf, Hsf, Xoi, Xoi, Xoi, Xoi, Hsf, Hsf^Ecf, Xoi, Xoi, Qxua, Qxua, Ai, Ai, Wwf, Ai, Ai, Aa, Aa, Aa, Aa, Aa, Aa, Aa, Aa, Aa, Aa, Aa, Aa, Aa, Aa, Aa, Aa, Aa, Aa, Aa, Ai, Ai, Ai, Ai, Wwf, Ai, Ai, Ai, Ai, Ai, Ai, Aa, Ai, Ai, Ai, Ai, Wwf, Qxua, Qxua, Xoi, Xoi, Xoi, Xoi, Hsf, Hsf, Xoi, Xoi, Hsf, Hsf, Xoi, Hsf, Hsf, Hsf, Xoi, Xoi, Xoi, Xoi, Xoi, Xoi, Xoi, Xoi, Xoi, Xoi, Xoi, Xoi, Xoi, Xoi, Wo, Wo, Wo
Wo, Wo, Wo, Wo, Xoi, Xoi, Xoi, Xoi, Xoi, Xoi, Xoi, Xoi, Hsf^Vcl, Xoi, Hsf, Xoi, Hsf, Xoi, Hsf, Xoi, Hsf, Xoi, Hsf, Xoi, Xoi, Xoi, Hsf, Hsf^Ecf, Xoi, Xoi, Qxua, Qxua, Wwf, Ai, Ai, Ai, Wwf, Wwf, Wwf, Ai, Ai, Ai, Ai, Ai, Ai, Aa, Ai, Aa, Aa, Aa, Ai, Aa^Vcl, Ai, Aa, Ai, Ai, Ai, Ai, Wwf, Wwf, Wwf, Wwf, Wwf, Wwf, Wwf, Wwf, Wwf, Wwf, Wwf, Ai, Wwf, Ai, Wwf, Wwf, Wwf, Wwf, Wwf, Qxua, Qxua, Xoi, Xoi, Xoi, Xoi, Hsf, Hsf, Xoi, Hsf, Xoi, Hsf, Xoi, Hsf, Xoi, Dd, Xoi, Hsf, Xoi, Dd, Xoi, Xoi, Xoi, Xoi, Xoi, Xoi, Xoi, Xoi, Wo, Wo, Wo
Wo, Wo, Wo, Wo, Xoi, Xoi, Xoi, Xoi, Xoi, Xoi, Hsf, Hsf, Hsf, Hsf, Hsf, Hsf, Hsf, Hsf, Hsf, Hsf, Hsf, Xoi, Hsf, Xoi, Xoi, Hsf, Xoi, Xoi, Qxua, Qxua, Wwf, Wwf, Wwf, Ai, Wwf, Wwf, Ai, Ai, Wwf, Wwf, Wwf, Wwf, Wwf, Wwf, Wwf, Ai, Ai, Ai, Ai, Ai, Wwf, Ai, Wwf, Ai, Wwf, Wwf, Wwf, Wwf, Wwf, Wwf, Wwf, Wwf, Wwf, Wwf, Wwf, Wwf, Wwf, Wwf, Wwf, Wwf, Wwf, Wwf, Wwf, Wwf, Aa, Wwf, Wwf, Wwf, Wwf, Qxua, Qxua, Xoi, Xoi, Xoi, Hsf, Xoi, Hsf, Xoi, Hsf, Hsf, Hsf, Dd, Hsf, Hsf, Dd, Hsf, Hsf, Dd, Hsf, Xoi, Xoi, Xoi, Xoi, Xoi, Xoi, Wo, Wo, Wo
Wo, Wo, Wo, Wo, Xoi, Xoi, Xoi, Xoi, Hsf, Hsf, Hsf, Hsf, Hsf, Hsf, Hsf, Hsf, Hsf, Hsf, Hsf, Xoi, Hsf, Xoi, Hsf, Xoi, Xoi, Hsf, Xoi, Qxua, Wwf, Wwf, Wwf, Wwf, Ai, Wwf, Ai, Wwf, Wwf, Wwf, Wwf, Wwf, Wwf, Wwf, Wwf, Wwf, Wwf, Wwf, Wwf, Wwf, Wwf, Wwf, Wwf, Wwf, Wwf, Wwf, Wwf, Wwf, Wwf, Wwf, Ms, Wwf, Wwf, Wwf, Wwf, Wwf, Wwf, Wwf, Wwf, Wwf, Wwf, Wwf, Wwf, Wwf, Aa^Vcl, Aa, Aa, Aa, Aa, Aa, Ms, Wwf, Wwf, Qxua, Xoi, Xoi, Hsf, Xoi, Hsf, Xoi, Hsf, Xoi, Hsf, Dd, Dd, Xoi, Hsf, Dd, Hsf, Dd, Xoi, Dd, Dd, Xoi, Xoi, Xoi, Xoi, Wo, Wo, Wo
Wo, Wo, Wo, Wo, Xoi, Xoi, Xoi, Hsf, Hsf, Hsf, Hsf, Hsf, Hsf, Hsf, Hsf, Hsf, Hsf^Vcl, Hsf, Hsf, Hsf, Hsf, Xoi, Hsf, Xoi, Xoi, Hsf, Xoi, Qxua, Wwf, Wwf, Wwf, Wwf, Wwf, Ai, Wwf, Wwf, Wwf, Wwf, Wwf, Wwf, Wwf, Wwf, Wwf^Vcl, Wwf, Wwf, Wwf, Wwf, Wwf, Wwf, Wwf, Wwf, Wwf, Wwf, Wwf, Wwf, Wwf, Wwf, Aa, Gd, Aa, Wwf, Wwf, Wwf, Wwf, Wwf, Wwf, Wwf, Wwf, Wwf, Wwf, Gg, Aa, Aa, Aa, Gg, Aa, Ms, Ms^Vcl, Ms, Ms, Wwf, Qxua, Xoi, Xoi, Hsf, Xoi, Hsf, Xoi, Hsf, Hsf, Hsf, Hsf, Dd, Hsf, Hsf, Dd, Hsf, Dd, Hsf, Hsf, Xoi, Dd, Xoi, Xoi, Xoi, Wo, Wo, Wo
Wo, Wo, Wo, Wo, Xoi, Xoi, Xoi, Hsf, Qlf, Gd^Xfl, Hsf, Hsf, Xoi, Xoi, Xoi, Xoi, Xoi, Xoi, Hsf, Xoi, Hsf, Xoi, Hsf, Xoi, Xoi, Hsf, Xoi, Qxua, Wwf, Wwf, Wwf, Wwf, Wwf, Wwf, Wwf, Wwf, Ms, Wwf, Wwf, Wwf, Wwf, Wwf, Wwf, Wwf, Wwf, Wwf, Wwf, Wwf, Wwf, Wwf, Wwf, Wwf, Wwf, Wwf, Wwf, Wwf, Hh, Mm, Mm^Vcl, Gd, Hh, Wwf, Gg, Wwf, Gg, Gg, Gg, Gg, Gg, Gg, Gg, Gg, Gg, Gg, Gg, Gg, Ms, Ms, Ms, Ms, Wwf, Qxua, Xoi, Xoi, Hsf, Xoi, Hsf, Xoi, Hsf, Xoi, Hsf, Xoi, Xoi, Xoi, Xoi, Xoi, Xoi, Xoi, Xoi, Dd, Dd^Edb, Hsf, Xoi, Xoi, Xoi, Wo, Wo, Wo
Wo, Wo, Wo, Wo, Xoi, Xoi, Xoi, Qlf, Hsf, Hsf, Qlf, Qlf, Xoi, Xoi, Xoi, Xoi, Xoi, Xoi, Hsf, Hsf, Hsf, Xoi, Hsf, Xoi, Xoi, Hsf, Xoi, Qxua, Wwf, Wwf, Wwf, Wwf, Wwf, Wwf, Wwf, Ms, Ms, Ms, Mm, Wwf, Wwf, Wwf, Wwf, Wwf, Wwf, Wwf, Wwf, Wwf, Wwf, Wwf, Wwf, Wwf, Wwf, Wwf, Wwf, Wwf, Hh, Mm, Mm, Mm, Gll^Fp, Gll^Fp, Gg, Gg, Gg, Gg, Mm, Ss, Gg, Gg, Gg, Gg, Gg, Gg, Gg, Gg, Gg, Gg, Gg, Ms, Wwf, Qxua, Xoi, Xoi, Hsf, Xoi, Hsf, Xoi, Hsf, Hsf, Hsf, Xoi, Xoi, Xoi, Xoi, Xoi, Xoi, Xoi, Xoi, Cer, Xoi, Cer, Xoi, Xoi, Xoi, Wo, Wo, Wo
Wo, Wo, Wo, Wo, Xoi, Xoi, Qlf, Qlf, Hsf^Ebn, Hsf, Hsf, Gd^Xfl, Hsf, Xoi, Hsf, Xoi, Hsf, Xoi, Hsf, Xoi, Hsf, Xoi, Hsf, Xoi, Hsf, Hsf, Hsf, Qxua, Wwf, Wwf, Hh, Hh, Hh, Wwf, Mm, Mm, Mm, Mm, Hh, Wwf, Wwf, Wwf, Wwf, Wwf, Wwf, Wwf, Wwf, Wwf, Wwf, Wwf, Wwf, Wwf, Wwf, Wwf, Wwf, Wwf, Gg, Gll^Fp, Gll^Fp, Ss, Gg, Gll^Fp, Gg^Fet, Gg, Gg^Fet, Gg^Fet, Mv, Mm, Gg, Gg, Gg, Gg, Gg, Gg, Gg, Gg, Gg, Gg, Gd, Gg, Wwf, Qxua, Hsf, Xoi, Hsf, Xoi, Hsf, Xoi, Hsf, Xoi, Hsf, Xoi, Hsf, Xoi, Dd^Vcl, Xoi, Dd, Xoi, Dd, Dd^Edb, Dd, Dd, Dd^Ecf, Xoi, Xoi, Wo, Wo, Wo
Wo, Wo, Wo, Wo, Xoi, Xoi, Qlf, Chr, Khr, Chr, Hsf, Qlf, Xoi, Hsf, Gd^Xfl, Hsf, Xoi, Hsf, Hsf, Hsf, Hsf, Hsf, Xoi, Hsf, Xoi, Hsf, Xoi, Qxua, Wwf, Wwf, Gs, Gs^Vcl, Gs, Gs, Hh, Mm, Hh, Mm, Hh, Gs^Fms, Gs^Fms, Wwf, Wwf, Wwf, Wwf, Wwf, Wwf, Wwf, Gg, Wwf, Wwf, Wwf, Wwf, Wwf, Wwf, Wwf, Wwf, Gg, Gg, Gg, Gg, Gg, Gg^Fet, Gg^Fet, Gg^Fet, Gg^Fet, Gg, Ss, Wwt, Gg, Mm, Gg, Gg, Gg, Gg, Gd, Gd, Gd, Gd, Gd, Wwf, Qxua, Xoi, Hsf, Hsf, Hsf, Xoi, Hsf, Hsf, Hsf, Dd, Dd, Xoi, Hsf, Dd, Hsf, Xoi, Dd, Dd^Edb, Cer, Ko, Cer, Dd^Edb, Xoi, Xoi, Wo, Wo, Wo
Wo, Wo, Wo, Wo, Xoi, Xoi, Qlf, Hsf^Ebn, Chr, Hsf^Ebn, Hsf, Qlf, Hsf, Hsf, Hsf, Hsf, Hsf, Hsf, Hsf, Hsf, Hsf, Hsf, Hsf, Hsf, Hsf, Hsf, Hsf, Qxua, Wwf, Wwf, Hhd, Hhd, Hhd, Hh, Wwf, Hh, Dd, Hh^Fms, Dd, Gs^Fms, Gs, Gs, Wwf, Wwf, Wwf, Wwf, Wwf, Wwf, Wwf, Wwf, Wwf, Mv, Wwf, Wwf, Wwf, Wwf, Gg, Gg, Gg, Gg, Hh, Ss, Gg, Gg^Fet, Gg, Mv, Gg, Wwt, Wwt, Wwt, Mm, Mm, Gg, Gg, Gg, Gd, Gd, Gd, Gd, Wwf, Wwf, Qxua, Hsf, Hsf, Hsf, Hsf, Hsf, Hsf, Hsf, Hsf, Dd, Hsf, Hsf, Dd, Hsf, Dd, Hsf, Dd, Dd, Cer, Dd, Cer, Dd^Ecf, Xoi, Xoi, Wo, Wo, Wo
Wo, Wo, Wo, Wo, Xoi, Xoi, Xoi, Qlf, Hsf, Hsf, Hsf, Hsf, Xoi, Xoi, Xoi, Xoi, Xoi, Xoi, Hsf, Xoi, Hsf, Xoi, Hsf, Xoi, Hsf, Xoi, Xoi, Qxua, Wwf, Wwf, Wwf, Wwf, Wwf, Wwf, Wwf, Wwf, Wwf, Dd^Vcl, Wwf, Gs, Wwf, Gs, Gs^Vcl, Wwf, Wwf, Wwf, Wwf, Wwf, Wwf, Wwf, Wwf, Wwf, Wwf, Wwf, Wwf, Gs^Fds, Gs^Fds, Gs^Fds, Gs^Fds, Gg, Gs, Gg, Gs, Gg, Dd, Gg, Gg, Wwt, Wwt, Wwt, Mm, Mm, Gg, Gg, Gg, Gd, Gd, Gd, Gd, Wwf, Wwf, Qxua, Xoi, Xoi, Hsf, Xoi, Hsf, Xoi, Hsf, Xoi, Dd, Xoi, Xoi, Xoi, Xoi, Xoi, Xoi, Xoi, Xoi, Dd, Xoi, Dd, Xoi, Xoi, Xoi, Wo, Wo, Wo
Wo, Wo, Wo, Wo, Xoi, Xoi, Xoi, Qlf, Qlf, Hsf, Hsf, Qlf, Xoi, Xoi, Xoi, Xoi, Xoi, Xoi, Hsf, Hsf, Hsf, Xoi, Hsf, Xoi, Hsf, Xoi, Xoi, Qxua, Wwf, Wwf, Wwf, Wwf, Wwf, Wwf, Gg, Wwf, Gg, Wwf, Wwf, Wwf, Wwf, Wwf, Wwf, Wwf, Wwf, Wwf, Wwf, Wwf, Wwf, Wwf, Wwf, Wwf, Wwf, Wwf, Wwf, Wwf, Wwf, Wwf, Dd, Gs, Dd, Gs, Dd, Gs, Dd, Gs, Gs, Gg, Gs, Gg, Gg, Gg, Gs, Gs^Vcl, Gs, Gd, Gd, Gd, Gd, Gd, Wwf, Qxua, Xoi, Xoi, Hsf, Xoi, Hsf, Xoi, Hsf, Dd, Hsf, Xoi, Xoi, Xoi, Xoi, Xoi, Xoi, Xoi, Xoi, Cer, Hsf, Cer, Xoi, Xoi, Xoi, Wo, Wo, Wo
Wo, Wo, Wo, Wo, Xoi, Xoi, Xoi, Gd^Xfl, Hsf, Qlf, Hsf, Hsf, Hsf, Xoi, Hsf^Vcl, Xoi, Hsf, Xoi, Hsf, Xoi, Hsf, Xoi, Hsf, Xoi, Hsf, Xoi, Xoi, Qxua, Wwf, Wwf, Hhd, Hhd, Hhd, Gg, Gs^Fms, Gs^Fms, Gs^Fms, Wwf, Gs, Wwf, Wwf, Wwf, Wwf, Wwf, Wwf, Wwf, Wwf, Wwf, Wwf, Wwf, Wwf, Wwf, Wwg, Wwg, Wwf, Wwf, Wwf, Wwf, Dd, Dd, Dd, Dd, Dd, Dd, Dd, Dd, Dd, Dd, Dd, Gs, Gs, Gg, Gs, Md^Xm, Gs, Gs, Gg, Gd, Gg, Wwf, Wwf, Qxua, Xoi, Xoi, Hsf, Xoi, Hsf, Xoi, Dd, Xoi, Hsf, Xoi, Hsf, Xoi, Hsf, Xoi, Hsf, Xoi, Dd, Dd^Edb, Xoi, Dd, Xoi, Xoi, Xoi, Wo, Wo, Wo
Wo, Wo, Wo, Wo, Xoi, Xoi, Xoi, Hsf, Hsf, Hsf, Hsf, Hsf, Hsf, Hsf, Hsf, Hsf, Hsf, Hsf, Hsf, Hsf, Hsf, Xoi, Hsf, Xoi, Hsf, Xoi, Xoi, Qxua, Wwf, Wwf, Gs, Mm, Gs, Gs, Hh, Mm, Mm, Mm, Hh^Fms, Gs, Gs^Fms, Gg, Wwf, Wwf, Wwf, Wwf, Wwf, Wwf, Wwf, Wwf, Wwg, Wwf, Wwg^Vcl, Wwf, Wwf, Wwf, Wwf, Wwf, Dd, Dd, Dd, Dd, Dd^Vcl, Dd, Dd, Dd, Dd, Dd, Dd, Dd, Wwf, Gg, Gs^Fds, Gs, Gg, Gs^Fds, Gs^Fds, Gs^Fds, Gs^Fds, Wwf, Wwf, Qxua, Xoi, Xoi, Hsf, Xoi, Hsf, Xoi, Hsf, Dd, Hsf, Dd, Dd, Dd, Hsf, Dd, Hsf, Dd, Xoi, Dd, Hsf, Dd, Xoi, Xoi, Xoi, Wo, Wo, Wo
Wo, Wo, Wo, Wo, Xoi, Xoi, Xoi, Xoi, Xoi, Hsf, Hsf, Hsf, Hsf, Hsf, Hsf, Xoi, Hsf, Hsf, Hsf, Xoi, Gd^Xfl, Xoi, Hsf, Xoi, Hsf, Xoi, Xoi, Qxua, Wwf, Gs^Fms, Hhd, Gs, Wwf, Gs^Fms, Mm, Mm, Hh^Fms, Mm, Mm, Mm, Gs^Fms, Gg, Wwf, Wwf, Wwf, Wwf, Wwf, Wwf, Wwf, Wwf, Wwf, Wwg, Wwf, Wwg, Wwf, Wwf, Wwf, Wwf, Wwf, Dd, Dd, Dd, Dd, Dd, Dd, Dd, Dd, Dd, Wwf, Wwf, Wwf, Gs^Fds, Wwf, Gs^Fds, Gs^Fds, Gs^Fds, Gs^Fds, Gs^Fds, Wwf, Wwf, Wwf, Qxua, Xoi, Xoi, Hsf, Xoi, Hsf, Xoi, Hsf, Xoi, Hsf, Dd, Hsf, Xoi, Dd, Dd, Dd, Dd, Hsf, Hsf, Xoi, Xoi, Xoi, Xoi, Xoi, Wo, Wo, Wo
Wo, Wo, Wo, Wo, Xoi, Xoi, Xoi, Xoi, Xoi, Xoi, Xoi, Hsf, Hsf^Vcl, Hsf, Hsf, Hsf, Hsf, Hsf, Hsf, Hsf, Hsf, Xoi, Hsf, Xoi, Hsf, Xoi, Xoi, Qxua, Qxua, Wwf, Wwf, Wwf, Wwf, Gs^Fms, Gs, Gs^Fms, Gs^Fms, Mm, Gs^Fms, Gs^Fms, Gg^Vcl, Gg, Wwf, Wwf, Wwf, Wwf, Wwf, Wwf, Wwf, Wwf, Wwf, Wwf, Wwf, Wwg, Wwf, Wwf, Wwf, Wwf, Wwf, Wwf, Wwf, Dd, Dd, Dd, Dd, Dd, Wwf, Wwf, Wwf, Wwf, Wwf, Wwf, Wwf, Wwf, Wwf, Wwf, Wwf, Wwf, Wwf, Wwf, Qxua, Qxua, Xoi, Xoi, Hsf, Xoi, Hsf, Xoi, Hsf, Hsf, Hsf, Dd, Dd, Hsf, Dd^Vcl, Hsf, Hsf, Hsf, Xoi, Xoi, Xoi, Xoi, Xoi, Xoi, Xoi, Wo, Wo, Wo
Wo, Wo, Wo, Wo, Xoi, Xoi, Xoi, Xoi, Xoi, Xoi, Xoi, Xoi, Xoi, Xoi, Xoi, Xoi, Xoi, Xoi, Gd^Xfl, Xoi, Hsf, Xoi, Hsf, Xoi, Xoi, Hsf, Hsf, Xoi, Xoi, Qxua, Qxua, Wwf, Wwf, Wwf, Wwf, Gs, Wwf, Gg, Gs^Fms, Gs^Fms, Wwf, Wwf, Wwf, Wwf, Wwf, Wwf, Gs^Vcl, Wwf, Wwf, Wwf, Wwf, Wwf, Wwf, Wwf, Wwf, Wwf, Wwf, Wwf, Wwf, Wwf, Dd, Dd, Dd, Dd, Dd, Wwf, Wwf, Wwf, Wwf, Wwf, Wwf, Wwf, Wwf, Wwf, Wwf, Wwf, Wwf, Wwf, Qxua, Qxua, Xoi, Xoi, Hsf, Hsf, Xoi, Xoi, Hsf, Xoi, Hsf, Xoi, Hsf, Xoi, Xoi, Xoi, Xoi, Xoi, Xoi, Xoi, Xoi, Xoi, Xoi, Xoi, Xoi, Xoi, Xoi, Wo, Wo, Wo
Wo, Wo, Wo, Wo, Xoi, Xoi, Xoi, Xoi, Xoi, Xoi, Xoi, Xoi, Xoi, Xoi, Xoi, Xoi, Xoi, Xoi, Hsf, Hsf, Hsf, Xoi, Xoi, Hsf, Hsf, Xoi, Xoi, Hsf, Hsf, Xoi, Xoi, Qxua, Qxua, Wwf, Wwf, Wwf, Wwf, Wwf, Wwf, Wwf, Wwf, Wwf, Wwf, Wwf, Wwf, Wwf, Gs, Gg, Gs, Wwf, Gg, Gg, Gg, Wwf, Gs, Gg, Wwf, Wwf, Wwf, Wwf, Wwf, Dd, Wwf, Wwf, Wwf, Wwf, Wwf, Wwf, Wwf, Wwf, Wwf, Wwf, Wwf, Wwf, Wwf, Wwf, Qxua, Qxua, Xoi, Xoi, Hsf, Hsf, Xoi, Xoi, Hsf, Hsf, Xoi, Xoi, Hsf, Hsf, Hsf, Xoi, Xoi, Xoi, Xoi, Xoi, Xoi, Xoi, Xoi, Xoi, Xoi, Xoi, Xoi, Xoi, Xoi, Wo, Wo, Wo
Wo, Wo, Wo, Wo, Xoi, Xoi, Xoi, Xoi, Xoi, Xoi, Xoi, Xoi, Xoi, Xoi, Xoi, Xoi, Xoi, Xoi, Gd^Xfl, Gd^Xfl, Gd^Xfl, Xoi, Xoi, Xoi, Xoi, Hsf, Hsf, Xoi, Xoi, Hsf, Hsf, Xoi, Xoi, Qxua, Qxua, Wwf, Wwf, Wwf, Wwf, Wwf, Wwf, Wwf, Wwf, Wwf, Md, Md, Gd, Gd^Fts, Gd^Fts, Gs, Md, Gd^Fts, Md^Vcl, Gs, Gd^Fts, Gs, Dd, Wwf, Wwf, Wwf, Wwf, Wwf, Wwf, Wwf, Wwf, Wwf, Wwf, Wwf, Wwf, Wwf, Wwf, Wwf, Wwf, Wwf, Qxua, Qxua, Xoi, Xoi, Hsf, Hsf, Xoi, Xoi, Hsf, Hsf, Xoi, Xoi, Xoi, Xoi, Hsf, Hsf, Hsf^Vcl, Xoi, Xoi, Xoi, Xoi, Xoi, Xoi, Xoi, Xoi, Xoi, Xoi, Xoi, Xoi, Xoi, Xoi, Wo, Wo, Wo
Wo, Wo, Wo, Wo, Xoi, Xoi, Xoi, Xoi, Xoi, Xoi, Xoi, Xoi, Xoi, Xoi, Xoi, Xoi, Xoi, Xoi, Rr^Pr\, Gd^Xfl, Hsf, Gd^Xfl, Hsf, Xoi, Xoi, Xoi, Xoi, Hsf, Hsf, Xoi, Xoi, Hsf, Hsf, Xoi, Hsf, Qxua, Qxua, Wwf, Wwf, Wwf, Wwf, Wwf, Wwf, Wwf, Md, Gd^Fts, Gd, Gd^Fts, Gd, Md, Md, Md, Md, Md, Gd, Gd, Dd, Dd, Dd, Wwf, Wwf, Wwf, Wwf, Wwf, Wwf, Wwf, Wwf, Wwf, Wwf, Wwf, Wwf, Wwf, Qxua, Qxua, Hsf, Xoi, Hsf, Hsf, Xoi, Xoi, Hsf, Hsf, Xoi, Xoi, Xoi, Xoi, Hsf, Hsf, Hsf, Hsf, Xoi, Xoi, Xoi, Xoi, Xoi, Xoi, Xoi, Xoi, Xoi, Xoi, Xoi, Xoi, Xoi, Xoi, Xoi, Wo, Wo, Wo
Wo, Wo, Wo, Wo, Xoi, Xoi, Xoi, Xoi, Xoi, Xoi, Xoi, Xoi, Xoi, Xoi, Xoi, Xoi, Hsf, Hsf, Xoi, Xoi, Xoi, Gd^Xfl, Hsf, Hsf, Hsf, Xoi, Xoi, Xoi, Xoi, Hsf, Hsf, Xoi, Hsf, Hsf, Xoi, Hsf, Hsf^Vcl, Qxua, Qxua, Wwf, Wwf, Wwf, Wwf, Dd, Dd, Rd, Dd, Gd, Wwf, Gd, Dd, Md, Dd, Gd, Wwf, Dd, Md, Dd, Dd, Wwf, Wwf, Wwf, Wwf, Wwf, Wwf, Wwf, Wwf, Wwf, Wwf, Wwf, Qxua, Qxua, Hsf, Hsf, Xoi, Hsf, Hsf, Xoi, Hsf, Hsf, Xoi, Xoi, Xoi, Xoi, Hsf, Hsf, Hsf, Hsf, Xoi, Hsf^Pr/, Hsf, Xoi, Xoi, Xoi, Xoi, Xoi, Xoi, Xoi, Xoi, Xoi, Xoi, Xoi, Xoi, Xoi, Xoi, Wo, Wo, Wo
Wo, Wo, Wo, Wo, Xoi, Xoi, Xoi, Xoi, Xoi, Xoi, Xoi, Xoi, Xoi, Xoi, Xoi, Hsf, Xoi, Xoi, Xoi, Xoi, Xoi, Xoi, Rr^Pr\, Hsf, Hsf, Hsf, Hsf, Xoi, Xoi, Xoi, Hsf, Hsf, Xoi, Hsf, Hsf, Hsf, Xoi, Xoi, Xoi, Qxua, Qxua, Wwf, Wwf, Wwf, Wwf, Dd, Dd, Wwf, Wwf, Wwf, Dd, Dd, Dd, Wwf, Wwf, Dd, Dd, Dd, Wwf, Wwf, Wwf, Wwf, Wwf, Wwf, Wwf, Wwf, Wwf, Wwf, Qxua, Qxua, Xoi, Xoi, Xoi, Hsf, Hsf, Hsf, Xoi, Hsf, Hsf, Xoi, Xoi, Xoi, Hsf, Hsf^Vcl, Hsf, Hsf, Hsf^Pr/, Xoi, Xoi, Xoi, Xoi, Xoi, Xoi, Xoi, Xoi, Xoi, Xoi, Xoi, Xoi, Xoi, Xoi, Xoi, Xoi, Xoi, Xoi, Wo, Wo, Wo
Wo, Wo, Wo, Wo, Xoi, Xoi, Xoi, Xoi, Xoi, Xoi, Xoi, Xoi, Xoi, Xoi, Xoi, Xoi, Xoi, Xoi, Xoi, Xoi, Hsf, Hsf, Xoi, Xoi, Xoi, Hsf, Hsf, Hsf, Hsf, Hsf, Xoi, Hsf, Hsf, Hsf, Xoi, Xoi, Hsf, Hsf^Vcl, Hsf, Xoi, Xoi, Qxua, Qxua, Wwf, Wwf, Dd, Wwf, Wwf, Wwf, Wwf, Wwf, Dd, Wwf, Wwf, Wwf, Wwf, Wwf, Dd, Wwf, Wwf, Wwf, Wwf, Wwf, Wwf, Wwf, Wwf, Qxua, Qxua, Xoi, Xoi, Hsf, Hsf, Hsf, Xoi, Xoi, Hsf, Hsf, Hsf, Xoi, Hsf, Hsf, Hsf, Hsf, Hsf, Xoi, Xoi, Xoi, Hsf, Xoi, Xoi, Xoi, Xoi, Xoi, Xoi, Xoi, Xoi, Xoi, Xoi, Xoi, Xoi, Xoi, Xoi, Xoi, Xoi, Xoi, Wo, Wo, Wo
Wo, Wo, Wo, Wo, Xoi, Xoi, Xoi, Xoi, Xoi, Xoi, Xoi, Xoi, Xoi, Xoi, Xoi, Xoi, Xoi, Xoi, Xoi, Xoi, Xoi, Xoi, Xoi, Xoi, Xoi, Xoi, Hsf^Pr\o, Hsf, Hsf, Hsf, Hsf, Hsf, Xoi, Xoi, Hsf, Hsf, Hsf, Hsf, Hsf, Hsf, Hsf, Xoi, Xoi, Qxua, Qxua, Wwf, Qxua, Wwf, Qxua, Wwf, Qxua, Wwf, Qxua, Wwf, Qxua, Wwf, Qxua, Wwf, Qxua, Wwf, Qxua, Wwf, Qxua, Wwf, Qxua, Qxua, Xoi, Xoi, Hsf, Hsf, Hsf, Xoi, Xoi, Hsf, Hsf, Xoi, Xoi, Hsf, Hsf, Hsf, Hsf, Hsf, Hsf, Xoi, Xoi, Xoi, Xoi, Xoi, Xoi, Xoi, Xoi, Xoi, Xoi, Xoi, Xoi, Xoi, Xoi, Xoi, Xoi, Xoi, Xoi, Xoi, Xoi, Xoi, Xoi, Wo, Wo, Wo
Wo, Wo, Wo, Wo, Xoi, Xoi, Xoi, Xoi, Xoi, Xoi, Xoi, Xoi, Xoi, Xoi, Xoi, Xoi, Xoi, Xoi, Xoi, Xoi, Xoi, Xoi, Xoi, Xoi, Hsf, Hsf, Xoi, Xoi, Hsf^Pr\o, Hsf, Hsf, Hsf, Hsf, Xoi, Xoi, Hsf, Hsf, Hsf, Hsf, Hsf, Hsf, Hsf, Hsf, Xoi, Xoi, Qxua, Xoi, Qxua, Xoi, Qxua, Xoi, Qxua, Xoi, Qxua, Xoi, Qxua, Xoi, Qxua, Xoi, Qxua, Xoi, Qxua, Xoi, Qxua, Xoi, Xoi, Hsf, Hsf, Hsf, Xoi, Xoi, Hsf, Hsf, Hsf, Xoi, Xoi, Hsf, Hsf, Hsf, Hsf, Hsf, Xoi, Hsf, Hsf, Hsf, Xoi, Xoi, Xoi, Xoi, Xoi, Xoi, Xoi, Xoi, Xoi, Xoi, Xoi, Xoi, Xoi, Xoi, Xoi, Xoi, Xoi, Xoi, Xoi, Xoi, Wo, Wo, Wo
Wo, Wo, Wo, Wo, Xoi, Xoi, Xoi, Xoi, Xoi, Xoi, Xoi, Xoi, Xoi, Xoi, Xoi, Xoi, Qxua, Qxua, Qxua, Xoi, Xoi, Xoi, Hsf, Hsf, Hsf, Xoi, Hsf, Hsf, Xoi, Xoi, Xoi, Hsf, Hsf, Hsf, Hsf, Xoi, Xoi, Hsf, Hsf, Hsf, Hsf, Hsf, Hsf, Hsf, Hsf, Xoi, Xoi, Xoi, Xoi, Xoi, Xoi, Xoi, Xoi, Xoi, Xoi, Xoi, Xoi, Xoi, Xoi, Xoi, Xoi, Xoi, Xoi, Xoi, Hsf, Hsf, Hsf, Xoi, Xoi, Hsf, Hsf, Hsf, Xoi, Xoi, Hsf, Hsf, Hsf, Hsf, Xoi, Xoi, Xoi, Hsf, Hsf, Xoi, Hsf, Hsf, Hsf, Xoi, Xoi, Xoi, Hsf, Hsf, Hsf, Xoi, Xoi, Xoi, Xoi, Xoi, Xoi, Xoi, Xoi, Xoi, Xoi, Xoi, Xoi, Wo, Wo, Wo
Wo, Wo, Wo, Wo, Xoi, Xoi, Xoi, Xoi, Xoi, Xoi, Xoi, Xoi, Xoi, Xoi, Qxua, Qxua, Hsf, Qxua, Hsf, Qxua, Hsf, Hsf, Hsf, Xoi, Hsf, Hsf, Xoi, Xoi, Xoi, Xoi, Xoi, Xoi, Xoi, Hsf, Hsf, Hsf, Hsf, Hsf, Hsf, Hsf, Hsf, Hsf, Hsf, Hsf, Hsf, Xoi, Xoi, Xoi, Xoi, Xoi, Xoi, Xoi, Xoi, Xoi, Hsf, Xoi, Xoi, Xoi, Xoi, Xoi, Xoi, Xoi, Xoi, Xoi, Hsf, Xoi, Xoi, Hsf, Hsf, Hsf, Hsf, Hsf, Hsf, Hsf, Hsf, Hsf, Xoi, Xoi, Xoi, Xoi, Xoi, Xoi, Xoi, Hsf, Hsf, Xoi, Xoi, Hsf, Hsf, Hsf, Xoi, Xoi, Hsf, Hsf, Xoi, Xoi, Hsf, Xoi, Xoi, Xoi, Xoi, Xoi, Xoi, Xoi, Xoi, Wo, Wo, Wo
Wo, Wo, Wo, Wo, Xoi, Xoi, Xoi, Xoi, Xoi, Xoi, Xoi, Xoi, Qxua, Qxua, Hsf, Cud^Ii, Hsf, Hsf, Hsf, Hsf, Hsf, Cud^Ii, Hsf, Hsf, Xoi, Xoi, Xoi, Xoi, Xoi, Xoi, Xoi, Xoi, Xoi, Xoi, Xoi, Hsf, Hsf, Hsf, Hsf, Xoi, Xoi, Hsf, Hsf, Hsf, Hsf, Xoi, Xoi, Xoi, Hsf, Xoi, Hsf, Xoi, Hsf, Hsf, Hsf, Hsf, Hsf, Xoi, Hsf, Xoi, Hsf, Xoi, Xoi, Xoi, Hsf, Hsf, Hsf, Hsf, Xoi, Xoi, Hsf, Hsf, Hsf, Hsf, Xoi, Xoi, Xoi, Xoi, Xoi, Xoi, Xoi, Xoi, Xoi, Xoi, Xoi, Hsf, Hsf, Xoi, Xoi, Xoi, Hsf, Hsf, Xoi, Hsf^Pr/o, Hsf, Hsf, Hsf, Hsf, Hsf, Xoi, Xoi, Xoi, Xoi, Xoi, Xoi, Wo, Wo, Wo
Wo, Wo, Wo, Wo, Xoi, Xoi, Xoi, Xoi, Xoi, Xoi, Qxua, Qxua, Qxua, Hsf, Hsf, Hsf, Hsf, Hsf, Cud, Hsf, Hsf, Hsf, Hsf, Qxua, Qxua, Xoi, Xoi, Xoi, Xoi, Xoi, Xoi, Xoi, Xoi, Hsf^Vcl, Hsf, Xoi, Xoi, Hsf, Hsf, Hsf, Hsf, Xoi, Xoi, Hsf, Hsf^Vcl, Xoi, Hsf, Hsf^Vcl, Hsf, Hsf, Xoi, Hsf, Hsf, Hsf, Hsf, Hsf, Hsf, Hsf, Xoi, Hsf, Hsf, Hsf, Hsf^Vcl, Xoi, Hsf^Vcl, Hsf, Xoi, Xoi, Hsf, Hsf, Hsf, Hsf, Xoi, Xoi, Hsf, Hsf^Vcl, Xoi, Xoi, Xoi, Xoi, Xoi, Xoi, Xoi, Xoi, Hsf, Hsf, Xoi, Xoi, Hsf, Hsf, Hsf^Pr/o, Xoi, Hsf, Hsf, Hsf, Hsf, Hsf, Hsf, Hsf, Hsf, Hsf, Xoi, Xoi, Xoi, Xoi, Wo, Wo, Wo
Wo, Wo, Wo, Wo, Xoi, Xoi, Xoi, Xoi, Xoi, Xoi, Xoi, Qxua, Qxua, Hsf, Hsf, Hsf, Hsf, Hsf, Hsf, Hsf, Hsf, Hsf, Hsf, Qxua, Qxua, Qxua, Xoi, Xoi, Xoi, Xoi, Xoi, Xoi, Xoi, Hsf, Hsf, Hsf, Hsf, Hsf, Hsf, Hsf, Hsf, Hsf, Hsf, Xoi, Xoi, Xoi, Hsf, Hsf, Hsf, Hsf, Hsf, Hsf, Hsf, Hsf, Hsf, Hsf, Hsf, Hsf, Hsf, Hsf, Hsf, Hsf, Hsf, Xoi, Xoi, Xoi, Hsf, Hsf, Hsf, Hsf, Hsf, Hsf, Hsf, Hsf, Hsf, Hsf, Xoi, Xoi, Xoi, Xoi, Xoi, Xoi, Xoi, Hsf, Hsf, Xoi, Hsf, Hsf, Xoi, Xoi, Hsf, Hsf, Hsf, Hsf, Hsf, Hsf, Xoi, Hsf, Hsf, Hsf, Hsf, Hsf^Vcl, Xoi, Xoi, Xoi, Wo, Wo, Wo
Wo, Wo, Wo, Wo, Xoi, Xoi, Xoi, Xoi, Xoi, Xoi, Xoi, Xoi, Xoi, Qxua, Qxua, Cud^Ii, Hsf, Hsf, Hsf, Hsf, Hsf, Cud^Ii, Qxua, Qxua, Xoi, Xoi, Xoi, Xoi, Xoi, Xoi, Xoi, Xoi, Xoi, Hsf, Hsf, Hsf, Hsf, Hsf, Hsf, Xoi, Xoi, Hsf, Hsf, Hsf, Hsf, Xoi, Hsf, Xoi, Hsf, Hsf, Hsf, Hsf, Xoi, Hsf, Hsf, Hsf, Xoi, Hsf, Hsf, Hsf, Hsf, Xoi, Hsf, Xoi, Hsf, Hsf, Hsf, Hsf, Xoi, Xoi, Hsf, Hsf, Hsf, Xoi, Xoi, Hsf, Xoi, Xoi, Xoi, Xoi, Xoi, Xoi, Xoi, Xoi, Xoi, Hsf, Xoi, Hsf^Pr/o, Hsf, Hsf, Hsf, Hsf, Hsf, Hsf, Hsf, Hsf, Hsf, Hsf, Hsf, Hsf, Hsf, Xoi, Xoi, Xoi, Xoi, Wo, Wo, Wo
Wo, Wo, Wo, Wo, Xoi, Xoi, Xoi, Xoi, Xoi, Xoi, Xoi, Xoi, Xoi, Xoi, Xoi, Qxua, Qxua, Hsf, Qxua, Hsf, Qxua, Qxua, Xoi, Xoi, Xoi, Xoi, Xoi, Xoi, Xoi, Xoi, Xoi, Xoi, Xoi, Hsf, Hsf, Hsf, Hsf, Hsf, Hsf, Hsf, Hsf, Xoi, Xoi, Hsf, Hsf, Hsf, Hsf, Hsf, Hsf, Hsf, Hsf, Hsf, Hsf, Hsf, Hsf, Hsf, Hsf, Hsf, Hsf, Hsf, Hsf, Hsf, Hsf, Hsf, Hsf, Hsf, Xoi, Xoi, Hsf, Hsf, Hsf, Xoi, Xoi, Hsf, Hsf, Hsf, Xoi, Xoi, Xoi, Xoi, Xoi, Xoi, Xoi, Xoi, Xoi, Xoi, Hsf, Hsf, Hsf, Hsf, Hsf, Hsf, Xoi, Hsf, Hsf, Hsf, Hsf, Hsf, Xoi, Xoi, Hsf, Hsf, Xoi, Xoi, Xoi, Wo, Wo, Wo
Wo, Wo, Wo, Wo, Xoi, Xoi, Xoi, Xoi, Xoi, Xoi, Xoi, Xoi, Xoi, Xoi, Xoi, Xoi, Xoi, Qxua, Qxua, Qxua, Xoi, Xoi, Xoi, Xoi, Xoi, Xoi, Xoi, Xoi, Xoi, Xoi, Xoi, Xoi, Xoi, Xoi, Rr^Pr\, Hsf, Hsf, Hsf, Hsf, Hsf, Hsf, Hsf, Hsf, Xoi, Xoi, Hsf, Hsf, Hsf, Hsf, Hsf, Hsf, Hsf, Hsf, Hsf, Hsf, Hsf, Hsf, Hsf, Hsf, Hsf, Hsf, Hsf, Hsf, Hsf, Xoi, Xoi, Hsf, Hsf, Hsf, Xoi, Xoi, Hsf, Hsf, Hsf, Rr^Pr/, Xoi, Xoi, Xoi, Xoi, Xoi, Xoi, Xoi, Xoi, Xoi, Xoi, Xoi, Xoi, Hsf, Hsf, Hsf, Hsf, Hsf, Hsf, Hsf, Hsf, Hsf, Xoi, Xoi, Hsf, Hsf, Hsf, Xoi, Hsf, Xoi, Xoi, Wo, Wo, Wo
Wo, Wo, Wo, Wo, Xoi, Xoi, Xoi, Xoi, Xoi, Xoi, Xoi, Xoi, Xoi, Xoi, Xoi, Xoi, Xoi, Xoi, Xoi, Xoi, Xoi, Xoi, Xoi, Xoi, Xoi, Xoi, Xoi, Xoi, Xoi, Xoi, Xoi, Xoi, Hsf, Hsf, Xoi, Xoi, Xoi, Hsf, Hsf, Hsf, Hsf, Hsf, Hsf, Hsf, Xoi, Xoi, Hsf, Xoi, Hsf, Hsf, Hsf, Hsf, Xoi, Hsf, Hsf, Hsf, Xoi, Hsf, Hsf, Hsf, Hsf, Xoi, Hsf, Xoi, Xoi, Hsf, Hsf, Xoi, Xoi, Hsf, Hsf, Hsf, Xoi, Xoi, Xoi, Hsf, Hsf, Xoi, Xoi, Xoi, Xoi, Xoi, Xoi, Xoi, Xoi, Xoi, Xoi, Xoi, Xoi, Hsf, Hsf, Hsf, Hsf, Hsf, Hsf, Xoi, Hsf, Hsf, Xoi, Xoi, Hsf, Hsf, Xoi, Xoi, Xoi, Wo, Wo, Wo
Wo, Wo, Wo, Wo, Xoi, Xoi, Xoi, Xoi, Xoi, Xoi, Xoi, Xoi, Xoi, Xoi, Xoi, Xoi, Xoi, Xoi, Xoi, Xoi, Xoi, Xoi, Xoi, Xoi, Xoi, Xoi, Xoi, Xoi, Xoi, Xoi, Xoi, Hsf, Xoi, Xoi, Xoi, Xoi, Hsf, Rr^Pr\, Xoi, Hsf, Hsf, Hsf, Xoi, Xoi, Xoi, Xoi, Hsf, Hsf, Hsf, Hsf, Hsf, Hsf, Hsf, Hsf, Hsf, Hsf, Hsf, Hsf, Hsf, Hsf, Hsf, Hsf, Hsf, Xoi, Xoi, Xoi, Xoi, Hsf, Hsf, Hsf, Xoi, Rr^Pr/, Hsf, Xoi, Xoi, Xoi, Xoi, Xoi, Xoi, Xoi, Xoi, Xoi, Xoi, Xoi, Xoi, Xoi, Xoi, Xoi, Xoi, Xoi, Xoi, Hsf^Vcl, Xoi, Xoi, Xoi, Hsf, Xoi, Hsf, Hsf, Hsf, Xoi, Xoi, Xoi, Xoi, Xoi, Wo, Wo, Wo
Wo, Wo, Wo, Wo, Xoi, Xoi, Xoi, Xoi, Xoi, Xoi, Xoi, Xoi, Xoi, Xoi, Xoi, Xoi, Xoi, Xoi, Xoi, Xoi, Xoi, Xoi, Xoi, Xoi, Xoi, Xoi, Xoi, Xoi, Xoi, Xoi, Xoi, Xoi, Xoi, Xoi, Hsf, Hsf, Xoi, Xoi, Xoi, Xoi, Xoi, Xoi, Xoi, Xoi, Xoi, Xoi, Xoi, Hsf, Hsf^Vcl, Hsf, Hsf, Hsf, Xoi, Hsf, Hsf, Hsf, Xoi, Hsf, Hsf, Hsf, Hsf^Vcl, Hsf, Xoi, Xoi, Xoi, Xoi, Xoi, Xoi, Xoi, Xoi, Xoi, Xoi, Xoi, Hsf, Xoi, Xoi, Xoi, Xoi, Xoi, Xoi, Xoi, Xoi, Xoi, Xoi, Xoi, Xoi, Xoi, Xoi, Xoi, Xoi, Xoi, Xoi, Xoi, Xoi, Xoi, Xoi, Xoi, Hsf, Xoi, Xoi, Xoi, Xoi, Xoi, Xoi, Xoi, Wo, Wo, Wo
Wo, Wo, Wo, Wo, Wo, Xoi, Xoi, Xoi, Xoi, Xoi, Xoi, Xoi, Xoi, Xoi, Xoi, Xoi, Xoi, Xoi, Xoi, Xoi, Xoi, Xoi, Xoi, Xoi, Xoi, Xoi, Xoi, Xoi, Xoi, Xoi, Xoi, Xoi, Xoi, Xoi, Xoi, Xoi, Xoi, Xoi, Xoi, Xoi, Xoi, Xoi, Xoi, Xoi, Xoi, Xoi, Xoi, Xoi, Xoi, Xoi, Xoi, Xoi, Xoi, Hsf, Hsf, Hsf, Xoi, Xoi, Xoi, Xoi, Xoi, Xoi, Xoi, Xoi, Xoi, Xoi, Xoi, Xoi, Xoi, Xoi, Xoi, Xoi, Xoi, Xoi, Xoi, Xoi, Xoi, Xoi, Xoi, Xoi, Xoi, Xoi, Xoi, Xoi, Xoi, Xoi, Xoi, Xoi, Xoi, Xoi, Xoi, Xoi, Xoi, Xoi, Xoi, Xoi, Xoi, Xoi, Xoi, Xoi, Xoi, Xoi, Xoi, Xoi, Wo, Wo, Wo, Wo
Wo, Wo, Wo, Wo, Wo, Wo, Wo, Xoi, Xoi, Xoi, Xoi, Xoi, Xoi, Xoi, Xoi, Xoi, Xoi, Xoi, Xoi, Xoi, Xoi, Xoi, Xoi, Xoi, Xoi, Xoi, Xoi, Xoi, Xoi, Xoi, Xoi, Xoi, Xoi, Xoi, Xoi, Xoi, Xoi, Xoi, Xoi, Xoi, Xoi, Xoi, Xoi, Xoi, Xoi, Xoi, Xoi, Xoi, Xoi, Xoi, Xoi, Xoi, Xoi, Hsf, Hsf, Hsf, Xoi, Xoi, Xoi, Xoi, Xoi, Xoi, Xoi, Xoi, Xoi, Xoi, Xoi, Xoi, Xoi, Xoi, Xoi, Xoi, Xoi, Xoi, Xoi, Xoi, Xoi, Xoi, Xoi, Xoi, Xoi, Xoi, Xoi, Xoi, Xoi, Xoi, Xoi, Xoi, Xoi, Xoi, Xoi, Xoi, Xoi, Xoi, Xoi, Xoi, Xoi, Xoi, Xoi, Xoi, Xoi, Xoi, Wo, Wo, Wo, Wo, Wo, Wo
Wo, Wo, Wo, Wo, Wo, Wo, Wo, Wo, Wo, Xoi, Xoi, Xoi, Xoi, Xoi, Xoi, Xoi, Xoi, Xoi, Xoi, Xoi, Xoi, Xoi, Xoi, Xoi, Xoi, Xoi, Xoi, Xoi, Xoi, Xoi, Xoi, Xoi, Xoi, Xoi, Xoi, Xoi, Xoi, Xoi, Xoi, Xoi, Xoi, Xoi, Xoi, Xoi, Xoi, Xoi, Xoi, Xoi, Xoi, Xoi, Xoi, Xoi, Hsf^Vcl, Hsf, Hsf, Hsf, Hsf^Vcl, Xoi, Xoi, Xoi, Xoi, Xoi, Xoi, Xoi, Xoi, Xoi, Xoi, Xoi, Xoi, Xoi, Xoi, Xoi, Xoi, Xoi, Xoi, Xoi, Xoi, Xoi, Xoi, Xoi, Xoi, Xoi, Xoi, Xoi, Xoi, Xoi, Xoi, Xoi, Xoi, Xoi, Xoi, Xoi, Xoi, Xoi, Xoi, Xoi, Xoi, Xoi, Xoi, Xoi, Wo, Wo, Wo, Wo, Wo, Wo, Wo, Wo
Wo, Wo, Wo, Wo, Wo, Wo, Wo, Wo, Wo, Wo, Wo, Xoi, Xoi, Xoi, Xoi, Xoi, Xoi, Xoi, Xoi, Xoi, Xoi, Xoi, Xoi, Xoi, Xoi, Xoi, Xoi, Xoi, Xoi, Xoi, Xoi, Xoi, Xoi, Xoi, Xoi, Xoi, Xoi, Xoi, Xoi, Xoi, Xoi, Xoi, Xoi, Xoi, Xoi, Xoi, Xoi, Xoi, Xoi, Xoi, Xoi, Xoi, Hsf, Hsf, Hsf, Hsf, Hsf, Xoi, Xoi, Xoi, Xoi, Xoi, Xoi, Xoi, Xoi, Xoi, Xoi, Xoi, Xoi, Xoi, Xoi, Xoi, Xoi, Xoi, Xoi, Xoi, Xoi, Xoi, Xoi, Xoi, Xoi, Xoi, Xoi, Xoi, Xoi, Xoi, Xoi, Xoi, Xoi, Xoi, Xoi, Xoi, Xoi, Xoi, Xoi, Xoi, Xoi, Xoi, Wo, Wo, Wo, Wo, Wo, Wo, Wo, Wo, Wo, Wo
Wo, Wo, Wo, Wo, Wo, Wo, Wo, Wo, Wo, Wo, Wo, Wo, Wo, Xoi, Xoi, Xoi, Xoi, Xoi, Xoi, Xoi, Xoi, Xoi, Xoi, Xoi, Xoi, Xoi, Xoi, Xoi, Xoi, Xoi, Xoi, Xoi, Xoi, Xoi, Xoi, Xoi, Xoi, Xoi, Xoi, Xoi, Xoi, Xoi, Xoi, Xoi, Xoi, Xoi, Xoi, Xoi, Xoi, Xoi, Xoi, Xoi, Hsf, Hsf, Hsf, Hsf, Hsf, Xoi, Xoi, Xoi, Xoi, Xoi, Xoi, Xoi, Xoi, Xoi, Xoi, Xoi, Xoi, Xoi, Xoi, Xoi, Xoi, Xoi, Xoi, Xoi, Xoi, Xoi, Xoi, Xoi, Xoi, Xoi, Xoi, Xoi, Xoi, Xoi, Xoi, Xoi, Xoi, Xoi, Xoi, Xoi, Xoi, Xoi, Xoi, Xoi, Wo, Wo, Wo, Wo, Wo, Wo, Wo, Wo, Wo, Wo, Wo, Wo
Wo, Wo, Wo, Wo, Wo, Wo, Wo, Wo, Wo, Wo, Wo, Wo, Wo, Wo, Wo, Xoi, Xoi, Xoi, Xoi, Xoi, Xoi, Xoi, Xoi, Xoi, Xoi, Xoi, Xoi, Xoi, Xoi, Xoi, Xoi, Xoi, Xoi, Xoi, Xoi, Xoi, Xoi, Xoi, Xoi, Xoi, Xoi, Xoi, Xoi, Xoi, Xoi, Xoi, Xoi, Xoi, Xoi, Xoi, Xoi, Xoi, Hsf, Hsf, Hsf, Hsf, Hsf, Xoi, Xoi, Xoi, Xoi, Xoi, Xoi, Xoi, Xoi, Xoi, Xoi, Xoi, Xoi, Xoi, Xoi, Xoi, Xoi, Xoi, Xoi, Xoi, Xoi, Xoi, Xoi, Xoi, Xoi, Xoi, Xoi, Xoi, Xoi, Xoi, Xoi, Xoi, Xoi, Xoi, Xoi, Xoi, Xoi, Xoi, Wo, Wo, Wo, Wo, Wo, Wo, Wo, Wo, Wo, Wo, Wo, Wo, Wo, Wo
Wo, Wo, Wo, Wo, Wo, Wo, Wo, Wo, Wo, Wo, Wo, Wo, Wo, Wo, Wo, Wo, Wo, Xoi, Xoi, Xoi, Xoi, Xoi, Xoi, Xoi, Xoi, Xoi, Xoi, Xoi, Xoi, Xoi, Xoi, Xoi, Xoi, Xoi, Xoi, Xoi, Xoi, Xoi, Xoi, Xoi, Xoi, Xoi, Xoi, Xoi, Xoi, Xoi, Xoi, Xoi, Xoi, Xoi, Xoi, Xoi, Hsf, Hsf, Hsf, Hsf, Hsf, Xoi, Xoi, Xoi, Xoi, Xoi, Xoi, Xoi, Xoi, Xoi, Xoi, Xoi, Xoi, Xoi, Xoi, Xoi, Xoi, Xoi, Xoi, Xoi, Xoi, Xoi, Xoi, Xoi, Xoi, Xoi, Xoi, Xoi, Xoi, Xoi, Xoi, Xoi, Xoi, Xoi, Xoi, Xoi, Wo, Wo, Wo, Wo, Wo, Wo, Wo, Wo, Wo, Wo, Wo, Wo, Wo, Wo, Wo, Wo
Wo, Wo, Wo, Wo, Wo, Wo, Wo, Wo, Wo, Wo, Wo, Wo, Wo, Wo, Wo, Wo, Wo, Wo, Wo, Xoi, Xoi, Xoi, Xoi, Xoi, Xoi, Xoi, Xoi, Xoi, Xoi, Xoi, Xoi, Xoi, Xoi, Xoi, Xoi, Xoi, Xoi, Xoi, Xoi, Xoi, Xoi, Xoi, Xoi, Xoi, Xoi, Xoi, Xoi, Xoi, Xoi, Xoi, Xoi, Xoi, Hsf, Hsf, Hsf, Hsf, Hsf, Xoi, Xoi, Xoi, Xoi, Xoi, Xoi, Xoi, Xoi, Xoi, Xoi, Xoi, Xoi, Xoi, Xoi, Xoi, Xoi, Xoi, Xoi, Xoi, Xoi, Xoi, Xoi, Xoi, Xoi, Xoi, Xoi, Xoi, Xoi, Xoi, Xoi, Xoi, Xoi, Xoi, Wo, Wo, Wo, Wo, Wo, Wo, Wo, Wo, Wo, Wo, Wo, Wo, Wo, Wo, Wo, Wo, Wo, Wo
Wo, Wo, Wo, Wo, Wo, Wo, Wo, Wo, Wo, Wo, Wo, Wo, Wo, Wo, Wo, Wo, Wo, Wo, Wo, Wo, Wo, Xoi, Xoi, Xoi, Xoi, Xoi, Xoi, Xoi, Xoi, Xoi, Xoi, Xoi, Xoi, Xoi, Xoi, Xoi, Xoi, Xoi, Xoi, Xoi, Xoi, Xoi, Xoi, Xoi, Xoi, Xoi, Xoi, Xoi, Xoi, Xoi, Xoi, Xoi, Xoi, Hsf, Hsf, Hsf, Xoi, Xoi, Xoi, Xoi, Xoi, Xoi, Xoi, Xoi, Xoi, Xoi, Xoi, Xoi, Xoi, Xoi, Xoi, Xoi, Xoi, Xoi, Xoi, Xoi, Xoi, Xoi, Xoi, Xoi, Xoi, Xoi, Xoi, Xoi, Xoi, Xoi, Xoi, Xoi, Wo, Wo, Wo, Wo, Wo, Wo, Wo, Wo, Wo, Wo, Wo, Wo, Wo, Wo, Wo, Wo, Wo, Wo, Wo, Wo
Wo, Wo, Wo, Wo, Wo, Wo, Wo, Wo, Wo, Wo, Wo, Wo, Wo, Wo, Wo, Wo, Wo, Wo, Wo, Wo, Wo, Wo, Wo, Xoi, Xoi, Xoi, Xoi, Xoi, Xoi, Xoi, Xoi, Xoi, Xoi, Xoi, Xoi, Xoi, Xoi, Xoi, Xoi, Xoi, Xoi, Xoi, Xoi, Xoi, Xoi, Xoi, Xoi, Xoi, Xoi, Xoi, Xoi, Xoi, Xoi, Hsf, Hsf, Hsf, Xoi, Xoi, Xoi, Xoi, Xoi, Xoi, Xoi, Xoi, Xoi, Xoi, Xoi, Xoi, Xoi, Xoi, Xoi, Xoi, Xoi, Xoi, Xoi, Xoi, Xoi, Xoi, Xoi, Xoi, Xoi, Xoi, Xoi, Xoi, Xoi, Xoi, Wo, Wo, Wo, Wo, Wo, Wo, Wo, Wo, Wo, Wo, Wo, Wo, Wo, Wo, Wo, Wo, Wo, Wo, Wo, Wo, Wo, Wo
Wo, Wo, Wo, Wo, Wo, Wo, Wo, Wo, Wo, Wo, Wo, Wo, Wo, Wo, Wo, Wo, Wo, Wo, Wo, Wo, Wo, Wo, Wo, Wo, Wo, Xoi, Xoi, Xoi, Xoi, Xoi, Xoi, Xoi, Xoi, Xoi, Xoi, Xoi, Xoi, Xoi, Xoi, Xoi, Xoi, Xoi, Xoi, Xoi, Xoi, Xoi, Xoi, Xoi, Xoi, Xoi, Xoi, Xoi, Xoi, Hsf, Hsf, Hsf, Xoi, Xoi, Xoi, Xoi, Xoi, Xoi, Xoi, Xoi, Xoi, Xoi, Xoi, Xoi, Xoi, Xoi, Xoi, Xoi, Xoi, Xoi, Xoi, Xoi, Xoi, Xoi, Xoi, Xoi, Xoi, Xoi, Xoi, Xoi, Wo, Wo, Wo, Wo, Wo, Wo, Wo, Wo, Wo, Wo, Wo, Wo, Wo, Wo, Wo, Wo, Wo, Wo, Wo, Wo, Wo, Wo, Wo, Wo
Wo, Wo, Wo, Wo, Wo, Wo, Wo, Wo, Wo, Wo, Wo, Wo, Wo, Wo, Wo, Wo, Wo, Wo, Wo, Wo, Wo, Wo, Wo, Wo, Wo, Wo, Wo, Xoi, Xoi, Xoi, Xoi, Xoi, Xoi, Xoi, Xoi, Xoi, Xoi, Xoi, Xoi, Xoi, Xoi, Xoi, Xoi, Xoi, Xoi, Xoi, Xoi, Xoi, Xoi, Xoi, Xoi, Xoi, Xoi, Hsf, Hsf, Hsf, Xoi, Xoi, Xoi, Xoi, Xoi, Xoi, Xoi, Xoi, Xoi, Xoi, Xoi, Xoi, Xoi, Xoi, Xoi, Xoi, Xoi, Xoi, Xoi, Xoi, Xoi, Xoi, Xoi, Xoi, Xoi, Xoi, Wo, Wo, Wo, Wo, Wo, Wo, Wo, Wo, Wo, Wo, Wo, Wo, Wo, Wo, Wo, Wo, Wo, Wo, Wo, Wo, Wo, Wo, Wo, Wo, Wo, Wo
Wo, Wo, Wo, Wo, Wo, Wo, Wo, Wo, Wo, Wo, Wo, Wo, Wo, Wo, Wo, Wo, Wo, Wo, Wo, Wo, Wo, Wo, Wo, Wo, Wo, Wo, Wo, Wo, Wo, Xoi, Xoi, Xoi, Xoi, Xoi, Xoi, Xoi, Xoi, Xoi, Xoi, Xoi, Xoi, Xoi, Xoi, Xoi, Xoi, Xoi, Xoi, Xoi, Xoi, Xoi, Xoi, Xoi, Xoi, Hsf, Hsf, Hsf, Xoi, Xoi, Xoi, Xoi, Xoi, Xoi, Xoi, Xoi, Xoi, Xoi, Xoi, Xoi, Xoi, Xoi, Xoi, Xoi, Xoi, Xoi, Xoi, Xoi, Xoi, Xoi, Xoi, Xoi, Wo, Wo, Wo, Wo, Wo, Wo, Wo, Wo, Wo, Wo, Wo, Wo, Wo, Wo, Wo, Wo, Wo, Wo, Wo, Wo, Wo, Wo, Wo, Wo, Wo, Wo, Wo, Wo
Wo, Wo, Wo, Wo, Wo, Wo, Wo, Wo, Wo, Wo, Wo, Wo, Wo, Wo, Wo, Wo, Wo, Wo, Wo, Wo, Wo, Wo, Wo, Wo, Wo, Wo, Wo, Wo, Wo, Wo, Wo, Xoi, Xoi, Xoi, Xoi, Xoi, Xoi, Xoi, Xoi, Xoi, Xoi, Xoi, Xoi, Xoi, Xoi, Xoi, Xoi, Xoi, Xoi, Xoi, Xoi, Xoi, Hsf, Hsf, Ce, Hsf, Hsf, Xoi, Xoi, Xoi, Xoi, Xoi, Xoi, Xoi, Xoi, Xoi, Xoi, Xoi, Xoi, Xoi, Xoi, Xoi, Xoi, Xoi, Xoi, Xoi, Xoi, Xoi, Wo, Wo, Wo, Wo, Wo, Wo, Wo, Wo, Wo, Wo, Wo, Wo, Wo, Wo, Wo, Wo, Wo, Wo, Wo, Wo, Wo, Wo, Wo, Wo, Wo, Wo, Wo, Wo, Wo, Wo
Wo, Wo, Wo, Wo, Wo, Wo, Wo, Wo, Wo, Wo, Wo, Wo, Wo, Wo, Wo, Wo, Wo, Wo, Wo, Wo, Wo, Wo, Wo, Wo, Wo, Wo, Wo, Wo, Wo, Wo, Wo, Wo, Wo, Xoi, Xoi, Xoi, Xoi, Xoi, Xoi, Xoi, Xoi, Xoi, Xoi, Xoi, Xoi, Xoi, Xoi, Xoi, Xoi, Xoi, Xoi, Hsf, Ce, Ce, Ke, Ce, Ce, Hsf, Xoi, Xoi, Xoi, Xoi, Xoi, Xoi, Xoi, Xoi, Xoi, Xoi, Xoi, Xoi, Xoi, Xoi, Xoi, Xoi, Xoi, Xoi, Wo, Wo, Wo, Wo, Wo, Wo, Wo, Wo, Wo, Wo, Wo, Wo, Wo, Wo, Wo, Wo, Wo, Wo, Wo, Wo, Wo, Wo, Wo, Wo, Wo, Wo, Wo, Wo, Wo, Wo, Wo, Wo
Wo, Wo, Wo, Wo, Wo, Wo, Wo, Wo, Wo, Wo, Wo, Wo, Wo, Wo, Wo, Wo, Wo, Wo, Wo, Wo, Wo, Wo, Wo, Wo, Wo, Wo, Wo, Wo, Wo, Wo, Wo, Wo, Wo, Wo, Wo, Xoi, Wo, Xoi, Wo, Xoi, Wo, Xoi, Wo, Xoi, Wo, Xoi, Wo, Xoi, Wo, Xoi, Wo, Hsf, Wo, Hsf, Wo, Hsf, Wo, Hsf, Wo, Xoi, Wo, Xoi, Wo, Xoi, Wo, Xoi, Wo, Xoi, Wo, Xoi, Wo, Xoi, Wo, Xoi, Wo, Wo, Wo, Wo, Wo, Wo, Wo, Wo, Wo, Wo, Wo, Wo, Wo, Wo, Wo, Wo, Wo, Wo, Wo, Wo, Wo, Wo, Wo, Wo, Wo, Wo, Wo, Wo, Wo, Wo, Wo, Wo, Wo, Wo
Wo, Wo, Wo, Wo, Wo, Wo, Wo, Wo, Wo, Wo, Wo, Wo, Wo, Wo, Wo, Wo, Wo, Wo, Wo, Wo, Wo, Wo, Wo, Wo, Wo, Wo, Wo, Wo, Wo, Wo, Wo, Wo, Wo, Wo, Wo, Wo, Wo, Wo, Wo, Wo, Wo, Wo, Wo, Wo, Wo, Wo, Wo, Wo, Wo, Wo, Wo, Wo, Wo, Wo, Wo, Wo, Wo, Wo, Wo, Wo, Wo, Wo, Wo, Wo, Wo, Wo, Wo, Wo, Wo, Wo, Wo, Wo, Wo, Wo, Wo, Wo, Wo, Wo, Wo, Wo, Wo, Wo, Wo, Wo, Wo, Wo, Wo, Wo, Wo, Wo, Wo, Wo, Wo, Wo, Wo, Wo, Wo, Wo, Wo, Wo, Wo, Wo, Wo, Wo, Wo, Wo, Wo, Wo
